Drill report for hackrf-one.kicad_pcb
Created on 2024-12-03T18:25:20+1100

Copper Layer Stackup:
    =============================================================
    L1 :  C1F                       front
    L2 :  C2                        in1
    L3 :  C3                        in2
    L4 :  C4B                       back


Drill file 'hackrf-one.drl' contains
    plated through holes:
    =============================================================
    T1  0.330mm  0.0130"  (2 holes)
    T2  0.330mm  0.0130"  (489 holes)
    T3  0.330mm  0.0130"  (3 holes)
    T4  0.350mm  0.0138"  (14 holes)
    T5  0.381mm  0.0150"  (120 holes)
    T6  0.711mm  0.0280"  (10 holes)
    T7  0.800mm  0.0315"  (4 holes)  (with 4 slots)
    T8  0.990mm  0.0390"  (4 holes)
    T9  1.016mm  0.0400"  (130 holes)
    T10  1.300mm  0.0512"  (4 holes)
    T11  3.200mm  0.1260"  (6 holes)

    Total plated holes count 786


Not plated through holes are merged with plated holes
    unplated through holes:
    =============================================================
    T12  0.750mm  0.0295"  (2 holes)

    Total unplated holes count 2
